\BOOKMARK [1][-]{Doc-Start}{\376\377\000R\000e\000s\000u\000m\000e\000n\000\040\000e\000j\000e\000c\000u\000t\000i\000v\000o}{}% 1
\BOOKMARK [1][-]{section.1}{\376\377\0001\000\040\000E\000l\000\040\000p\000r\000o\000b\000l\000e\000m\000a\000:\000\040\000t\000r\000e\000s\000\040\000f\000a\000l\000l\000a\000s\000\040\000e\000s\000t\000r\000u\000c\000t\000u\000r\000a\000l\000e\000s}{}% 2
\BOOKMARK [2][-]{subsection.1.1}{\376\377\0001\000.\0001\000\040\000A\000l\000u\000c\000i\000n\000a\000c\000i\000\363\000n\000\040\000d\000e\000\040\000d\000e\000r\000e\000c\000h\000o\000:\000\040\000f\000l\000u\000i\000d\000a\000,\000\040\000c\000o\000n\000f\000i\000a\000d\000a\000\040\000y\000\040\000e\000r\000r\000\363\000n\000e\000a}{section.1}% 3
\BOOKMARK [2][-]{subsection.1.2}{\376\377\0001\000.\0002\000\040\000D\000e\000p\000e\000n\000d\000e\000n\000c\000i\000a\000\040\000d\000e\000\040\000n\000u\000b\000e\000\040\000f\000r\000e\000n\000t\000e\000\040\000a\000l\000\040\000s\000e\000c\000r\000e\000t\000o\000\040\000p\000r\000o\000f\000e\000s\000i\000o\000n\000a\000l}{section.1}% 4
\BOOKMARK [2][-]{subsection.1.3}{\376\377\0001\000.\0003\000\040\000E\000l\000\040\000c\000o\000r\000p\000u\000s\000\040\000m\000e\000x\000i\000c\000a\000n\000o\000\040\000n\000o\000\040\000e\000x\000i\000s\000t\000e}{section.1}% 5
\BOOKMARK [1][-]{section.2}{\376\377\0002\000\040\000L\000a\000\040\000n\000e\000c\000e\000s\000i\000d\000a\000d\000:\000\040\000d\000e\000m\000a\000n\000d\000a\000\040\000s\000o\000c\000i\000a\000l\000\040\000y\000\040\000o\000p\000o\000r\000t\000u\000n\000i\000d\000a\000d\000\040\000d\000e\000\040\000m\000e\000r\000c\000a\000d\000o}{}% 6
\BOOKMARK [2][-]{subsection.2.1}{\376\377\0002\000.\0001\000\040\000U\000n\000\040\000d\000\351\000f\000i\000c\000i\000t\000\040\000d\000e\000\040\000a\000c\000c\000e\000s\000o\000\040\000a\000\040\000l\000a\000\040\000j\000u\000s\000t\000i\000c\000i\000a\000\040\000d\000e\000\040\000e\000s\000c\000a\000l\000a\000\040\000m\000a\000s\000i\000v\000a}{section.2}% 7
\BOOKMARK [2][-]{subsection.2.2}{\376\377\0002\000.\0002\000\040\000E\000l\000\040\000m\000e\000r\000c\000a\000d\000o\000\040\000p\000r\000o\000f\000e\000s\000i\000o\000n\000a\000l\000:\000\040\000u\000n\000a\000\040\000a\000b\000o\000g\000a\000c\000\355\000a\000\040\000n\000u\000m\000e\000r\000o\000s\000a\000\040\000y\000\040\000s\000u\000b\000d\000i\000g\000i\000t\000a\000l\000i\000z\000a\000d\000a}{section.2}% 8
\BOOKMARK [2][-]{subsection.2.3}{\376\377\0002\000.\0003\000\040\000T\000a\000m\000a\000\361\000o\000\040\000d\000e\000\040\000m\000e\000r\000c\000a\000d\000o\000:\000\040\000T\000A\000M\000,\000\040\000S\000A\000M\000,\000\040\000S\000O\000M}{section.2}% 9
\BOOKMARK [2][-]{subsection.2.4}{\376\377\0002\000.\0004\000\040\000E\000l\000\040\000e\000f\000e\000c\000t\000o\000\040\000d\000e\000m\000o\000s\000t\000r\000a\000c\000i\000\363\000n\000:\000\040\000H\000a\000r\000v\000e\000y\000\040\000y\000\040\000l\000a\000\040\000v\000e\000r\000t\000i\000c\000a\000l\000i\000z\000a\000c\000i\000\363\000n\000\040\000d\000e\000\040\000l\000a\000\040\000I\000A}{section.2}% 10
\BOOKMARK [2][-]{subsection.2.5}{\376\377\0002\000.\0005\000\040\000P\000o\000r\000\040\000q\000u\000\351\000\040\000a\000h\000o\000r\000a\000:\000\040\000l\000a\000\040\000v\000e\000n\000t\000a\000n\000a\000\040\000t\000\351\000c\000n\000i\000c\000a}{section.2}% 11
\BOOKMARK [1][-]{section.3}{\376\377\0003\000\040\000E\000l\000\040\000m\000a\000r\000c\000o\000\040\000r\000e\000g\000u\000l\000a\000t\000o\000r\000i\000o\000:\000\040\000p\000o\000r\000\040\000q\000u\000\351\000\040\000l\000a\000\040\000s\000o\000b\000e\000r\000a\000n\000\355\000a\000\040\000e\000s\000\040\000u\000n\000\040\000r\000e\000q\000u\000i\000s\000i\000t\000o\000,\000\040\000n\000o\000\040\000u\000n\000a\000\040\000o\000p\000c\000i\000\363\000n}{}% 12
\BOOKMARK [2][-]{subsection.3.1}{\376\377\0003\000.\0001\000\040\000L\000a\000\040\000n\000u\000e\000v\000a\000\040\000L\000F\000P\000D\000P\000P\000P\000\040\000\050\0002\0000\0002\0005\000\051\000\040\000y\000\040\000e\000l\000\040\000t\000r\000a\000t\000a\000m\000i\000e\000n\000t\000o\000\040\000a\000u\000t\000o\000m\000a\000t\000i\000z\000a\000d\000o}{section.3}% 13
\BOOKMARK [2][-]{subsection.3.2}{\376\377\0003\000.\0002\000\040\000S\000e\000c\000r\000e\000t\000o\000\040\000p\000r\000o\000f\000e\000s\000i\000o\000n\000a\000l\000\040\000c\000o\000n\000\040\000s\000a\000n\000c\000i\000\363\000n\000\040\000p\000e\000n\000a\000l}{section.3}% 14
\BOOKMARK [2][-]{subsection.3.3}{\376\377\0003\000.\0003\000\040\000B\000a\000s\000e\000\040\000n\000o\000r\000m\000a\000t\000i\000v\000a\000\040\000d\000e\000l\000\040\000c\000o\000r\000p\000u\000s\000:\000\040\000l\000o\000s\000\040\000t\000e\000x\000t\000o\000s\000\040\000d\000e\000l\000\040\000E\000s\000t\000a\000d\000o\000\040\000n\000o\000\040\000s\000o\000n\000\040\000o\000b\000j\000e\000t\000o\000\040\000d\000e\000\040\000d\000e\000r\000e\000c\000h\000o\000\040\000d\000e\000\040\000a\000u\000t\000o\000r}{section.3}% 15
\BOOKMARK [2][-]{subsection.3.4}{\376\377\0003\000.\0004\000\040\000I\000n\000f\000r\000a\000e\000s\000t\000r\000u\000c\000t\000u\000r\000a\000:\000\040\000r\000e\000s\000i\000d\000e\000n\000c\000i\000a\000\040\000d\000e\000\040\000d\000a\000t\000o\000s\000\040\000r\000e\000s\000u\000e\000l\000t\000a\000,\000\040\000s\000o\000b\000e\000r\000a\000n\000\355\000a\000\040\000d\000e\000\040\000i\000n\000f\000e\000r\000e\000n\000c\000i\000a\000\040\000p\000e\000n\000d\000i\000e\000n\000t\000e}{section.3}% 16
\BOOKMARK [1][-]{section.4}{\376\377\0004\000\040\000T\000r\000a\000b\000a\000j\000o\000\040\000r\000e\000l\000a\000c\000i\000o\000n\000a\000d\000o}{}% 17
\BOOKMARK [2][-]{subsection.4.1}{\376\377\0004\000.\0001\000\040\000M\000o\000d\000e\000l\000o\000s\000\040\000d\000e\000\040\000l\000e\000n\000g\000u\000a\000j\000e\000\040\000j\000u\000r\000\355\000d\000i\000c\000o\000s\000:\000\040\000d\000e\000\040\000S\000a\000u\000l\000L\000M\000\040\000a\000\040\000l\000a\000\040\000g\000e\000n\000e\000r\000a\000c\000i\000\363\000n\000\040\000i\000n\000d\000u\000s\000t\000r\000i\000a\000l}{section.4}% 18
\BOOKMARK [2][-]{subsection.4.2}{\376\377\0004\000.\0002\000\040\000L\000L\000M\000s\000\040\000j\000u\000r\000\355\000d\000i\000c\000o\000s\000\040\000f\000u\000e\000r\000a\000\040\000d\000e\000l\000\040\000m\000u\000n\000d\000o\000\040\000a\000n\000g\000l\000o\000s\000a\000j\000\363\000n}{section.4}% 19
\BOOKMARK [2][-]{subsection.4.3}{\376\377\0004\000.\0003\000\040\000L\000a\000\040\000m\000e\000d\000i\000c\000i\000\363\000n\000\040\000d\000e\000\040\000l\000a\000\040\000a\000l\000u\000c\000i\000n\000a\000c\000i\000\363\000n\000\040\000l\000e\000g\000a\000l}{section.4}% 20
\BOOKMARK [1][-]{section.5}{\376\377\0005\000\040\000E\000l\000\040\000c\000o\000r\000p\000u\000s\000:\000\040\0001\0000\000B\000\040\000t\000o\000k\000e\000n\000s\000\040\000d\000e\000\040\000d\000e\000r\000e\000c\000h\000o\000\040\000m\000e\000x\000i\000c\000a\000n\000o}{}% 21
\BOOKMARK [2][-]{subsection.5.1}{\376\377\0005\000.\0001\000\040\000C\000o\000m\000p\000o\000s\000i\000c\000i\000\363\000n}{section.5}% 22
\BOOKMARK [2][-]{subsection.5.2}{\376\377\0005\000.\0002\000\040\000I\000n\000g\000e\000n\000i\000e\000r\000\355\000a\000\040\000d\000e\000\040\000d\000a\000t\000o\000s\000:\000\040\000l\000a\000\040\000p\000a\000r\000t\000e\000\040\000r\000e\000p\000r\000o\000d\000u\000c\000i\000b\000l\000e\000\040\000q\000u\000e\000\040\000n\000a\000d\000i\000e\000\040\000p\000u\000b\000l\000i\000c\000a}{section.5}% 23
\BOOKMARK [1][-]{section.6}{\376\377\0006\000\040\000A\000r\000q\000u\000i\000t\000e\000c\000t\000u\000r\000a\000\040\000d\000e\000l\000\040\000s\000i\000s\000t\000e\000m\000a\000\040\000y\000\040\000e\000s\000t\000r\000a\000t\000e\000g\000i\000a\000\040\000d\000e\000\040\000e\000n\000t\000r\000e\000n\000a\000m\000i\000e\000n\000t\000o}{}% 24
\BOOKMARK [2][-]{subsection.6.1}{\376\377\0006\000.\0001\000\040\000E\000l\000\040\000s\000i\000s\000t\000e\000m\000a\000\040\000e\000n\000\040\000p\000r\000o\000d\000u\000c\000c\000i\000\363\000n}{section.6}% 25
\BOOKMARK [2][-]{subsection.6.2}{\376\377\0006\000.\0002\000\040\000L\000a\000\040\000r\000e\000c\000e\000t\000a\000\040\000d\000e\000\040\000e\000n\000t\000r\000e\000n\000a\000m\000i\000e\000n\000t\000o\000\040\000d\000e\000\040\000T\000l\000a\000m\000a\000t\000i\000n\000i}{section.6}% 26
\BOOKMARK [2][-]{subsection.6.3}{\376\377\0006\000.\0003\000\040\000H\000a\000r\000n\000e\000s\000s\000\040\000t\000r\000a\000i\000n\000i\000n\000g\000:\000\040\000e\000n\000s\000e\000\361\000a\000r\000\040\000e\000l\000\040\000h\000a\000r\000n\000e\000s\000s\000\040\000e\000n\000\040\000l\000o\000s\000\040\000p\000e\000s\000o\000s}{section.6}% 27
\BOOKMARK [2][-]{subsection.6.4}{\376\377\0006\000.\0004\000\040\000Q\000u\000\351\000\040\000m\000e\000d\000i\000r\000e\000m\000o\000s}{section.6}% 28
\BOOKMARK [1][-]{section.7}{\376\377\0007\000\040\000V\000i\000a\000b\000i\000l\000i\000d\000a\000d\000\040\000d\000e\000\040\000n\000e\000g\000o\000c\000i\000o}{}% 29
\BOOKMARK [2][-]{subsection.7.1}{\376\377\0007\000.\0001\000\040\000M\000o\000d\000e\000l\000o\000\040\000d\000e\000\040\000i\000n\000g\000r\000e\000s\000o\000s\000\040\000p\000o\000r\000\040\000t\000i\000e\000r\000s}{section.7}% 30
\BOOKMARK [2][-]{subsection.7.2}{\376\377\0007\000.\0002\000\040\000U\000n\000i\000t\000\040\000e\000c\000o\000n\000o\000m\000i\000c\000s\000:\000\040\000e\000l\000\040\000c\000\363\000m\000p\000u\000t\000o\000\040\000n\000o\000\040\000e\000s\000\040\000e\000l\000\040\000p\000r\000o\000b\000l\000e\000m\000a}{section.7}% 31
\BOOKMARK [2][-]{subsection.7.3}{\376\377\0007\000.\0003\000\040\000P\000o\000s\000i\000c\000i\000\363\000n\000\040\000c\000o\000m\000p\000e\000t\000i\000t\000i\000v\000a}{section.7}% 32
\BOOKMARK [2][-]{subsection.7.4}{\376\377\0007\000.\0004\000\040\000E\000s\000c\000e\000n\000a\000r\000i\000o\000s\000\040\000f\000i\000n\000a\000n\000c\000i\000e\000r\000o\000s\000\040\000a\000\040\0005\000\040\000a\000\361\000o\000s}{section.7}% 33
\BOOKMARK [1][-]{section.8}{\376\377\0008\000\040\000R\000i\000e\000s\000g\000o\000s\000\040\000y\000\040\000l\000i\000m\000i\000t\000a\000c\000i\000o\000n\000e\000s}{}% 34
\BOOKMARK [1][-]{section.9}{\376\377\0009\000\040\000E\000s\000t\000a\000d\000o\000\040\000a\000c\000t\000u\000a\000l\000\040\000y\000\040\000h\000o\000j\000a\000\040\000d\000e\000\040\000r\000u\000t\000a}{}% 35
\BOOKMARK [2][-]{subsection.9.1}{\376\377\0009\000.\0001\000\040\000C\000o\000n\000t\000r\000i\000b\000u\000c\000i\000o\000n\000e\000s}{section.9}% 36
\BOOKMARK [1][-]{section.10}{\376\377\0001\0000\000\040\000C\000o\000n\000c\000l\000u\000s\000i\000o\000n\000e\000s}{}% 37
\BOOKMARK [1][-]{section.10}{\376\377\000R\000e\000f\000e\000r\000e\000n\000c\000i\000a\000s}{}% 38
